IPSEC_NATIVE_0.1 {
    global:
        GetIpsecErrorString;
        InitializeIpsec;
        DeinitializeIpsec;
        AddIpsecConnection;
        RemoveIpsecConnection;
        GetIpsecConnections;
        FreeIpsecConnectionList;
        AddIpsecPsk;
        ClearIpsecCredentials;
        InitiateIpsecIke;
        TerminateIpsecIke;
        RekeyIpsecIke;
        WaitIpsecIkeEstablished;
        InitiateIpsecChild;
        TerminateIpsecChild;
        RekeyIpsecChild;
        WaitIpsecChildInstalled;
        GetIpsecIkeSas;
        FreeIpsecIkeSaList;
        GetIpsecChildSas;
        FreeIpsecChildSaList;
        GetIpsecAlgorithms;
        FreeIpsecAlgorithmList;
        GetIpsecDaemonStatus;
        GetIpsecXfrmStates;
        FreeIpsecXfrmStateList;
        GetIpsecXfrmPolicies;
        FreeIpsecXfrmPolicyList;
        GetIpsecXfrmStatistics;
        GetIpsecInterfaces;
        FreeIpsecInterfaceList;
        GetIpsecAddresses;
        FreeIpsecAddressList;
        GetIpsecRoutes;
        FreeIpsecRouteList;
    local:
        *;
};
